// Jest Snapshot v1, https://goo.gl/fbAQLP

exports[`Snapshot 1`] = `
<DocumentFragment>
  <div
    class="sc-ispOId dUkepM"
    height="auto"
    width="auto"
  >
    <p
      class="sc-jJTsDX tjeGS"
      color="#271A51"
      font-size="14"
      font-weight="600"
      width="50%"
    >
      question1:
    </p>
    <p
      class="sc-jJTsDX jfxXWS"
      color="#271A51"
      font-size="14"
      font-weight="600"
      width="50%"
    >
      answer1
    </p>
  </div>
  <div
    class="sc-ispOId ilKQEf"
    height="auto"
    width="auto"
  >
    <p
      class="sc-jJTsDX tjeGS"
      color="#271A51"
      font-size="14"
      font-weight="600"
      width="50%"
    >
      question2:
    </p>
    <p
      class="sc-jJTsDX jfxXWS"
      color="#271A51"
      font-size="14"
      font-weight="600"
      width="50%"
    >
      answer2
    </p>
  </div>
</DocumentFragment>
`;
