// Jest Snapshot v1, https://goo.gl/fbAQLP

exports[`SearchBox SearchBox snapshot 1`] = `
.c0 {
  display: -webkit-box;
  display: -webkit-flex;
  display: -ms-flexbox;
  display: flex;
  -webkit-align-items: center;
  -webkit-box-align: center;
  -ms-flex-align: center;
  align-items: center;
  background: #FFFFFF;
  width: 350px;
  padding: 19px 23px;
  border-radius: 16px;
  box-shadow: 0px 2px 17px rgba(0,0,0,0.05);
}

.c1 {
  width: 18px;
  height: 18px;
  margin-right: 11px;
}

.c2 {
  font: 500 16px/22px 'Poppins',sans-serif;
  border: 0;
  width: 100%;
}

.c2::-webkit-input-placeholder {
  font: 500 16px/22px 'Poppins',sans-serif;
}

.c2::-moz-placeholder {
  font: 500 16px/22px 'Poppins',sans-serif;
}

.c2:-ms-input-placeholder {
  font: 500 16px/22px 'Poppins',sans-serif;
}

.c2::placeholder {
  font: 500 16px/22px 'Poppins',sans-serif;
}

.c2:focus {
  outline: none;
}

<div
  className="c0"
>
  <img
    className="c1"
    src={Object {}}
  />
  <input
    className="c2"
    onChange={[Function]}
    placeholder="Search"
  />
</div>
`;
