// Jest Snapshot v1, https://goo.gl/fbAQLP

exports[`Modal Modal matches the snapshot 1`] = `null`;
