// Jest Snapshot v1, https://goo.gl/fbAQLP

exports[`Snapshot 1`] = `
<DocumentFragment>
  <div
    class="sc-ispOId eJtfGw"
    height="100px"
    width="335px"
  >
    <img
      alt="icon"
      class="sc-cNNTdL enpNFh"
      data-testid="lesson_image"
      src="imageUrl"
    />
    <div
      class="sc-ehYhRg jxNZlb"
    >
      <p
        class="sc-jJTsDX iVQlaw"
        color="#271A51"
        data-testid="lesson_title"
        font-weight="700"
      >
        title
      </p>
      <p
        class="sc-jJTsDX eWOEaN"
        color="#A4AAAF"
        data-testid="lesson_subtitle"
        font-size="12"
        font-weight="300"
      >
        subTitle
      </p>
    </div>
    <div
      class="sc-fia-DRh czKmhu"
    >
      <p
        class="sc-jJTsDX iXagFl"
        color="#72996B"
        font-size="12"
      >
        time
      </p>
    </div>
  </div>
</DocumentFragment>
`;
