// Jest Snapshot v1, https://goo.gl/fbAQLP

exports[`Card Card snapshot 1`] = `
<div
  className="sc-bgqQcB jOQRxz"
/>
`;
